1774778740 facts=0 heap=22047KB
1774778741 lines=3344 fns=131 facts=471 tests=27
1774783627 lines=3337 fns=129 facts=471 tests=27
1774783638 facts=0 heap=22049KB
1774792143 C=100 G=100 heap=29391KB
1774797423 lines=12686 fns=210 tests=220 selfbuild=26/26 fixed-point=yes
1774797799 C=100 G=100 heap=29296KB
1774797840 C=100 G=100 heap=29296KB
1774797972 C=100 G=100 heap=29296KB
1774800000 C=100 G=100 heap=29302KB
2026-03-30 09:54
 | size=907486
 heap=22124KB facts=653
 issues=4
2026-03-30 10:38
 | size=935910
 heap=22159KB facts=653
 issues=4
2026-03-30 10:47
 | size=936044
 heap=22159KB facts=653
 issues=4
2026-03-30 10:53 | SESSION_8_END size=936044 heap=22159KB facts=38 commits=82 tests=194+31 modules=12_new vm_fixes=9 compiler_fix=1
2026-03-30 12:09
 | size=975058
 heap=28380KB facts=670
 issues=4
2026-03-30 12:21
 | size=984980
 heap=28422KB facts=674
 issues=4
