[2026-03-27 09:17:35] round=1 pass=75 fail=2 crash=0 total=77 fixed=57 fuzz=20

[2026-03-27 09:17:35] FAIL json:str | got '0' want 'hello' | code: emit json_parse("\"hello\"");
[2026-03-27 09:17:35] FAIL json:obj | got '⦿ bye' want '42' | code: let o=json_parse("{\"x\":42}"); emit json_get(o,"x");
[2026-03-27 09:19:26] round=1 pass=56 fail=0 crash=0 total=56 fixed=56 fuzz=0
[2026-03-27 09:19:35] round=1 pass=86 fail=0 crash=0 total=86 fixed=56 fuzz=30
[2026-03-27 09:19:46] round=1 pass=76 fail=0 crash=0 total=76 fixed=56 fuzz=20
[2026-03-27 09:19:46] round=2 pass=76 fail=0 crash=0 total=76 fixed=56 fuzz=20
[2026-03-27 09:19:46] round=3 pass=76 fail=0 crash=0 total=76 fixed=56 fuzz=20
[2026-03-27 09:27:21] round=1 pass=56 fail=0 crash=0 total=56 fixed=56 fuzz=0
[2026-03-27 09:31:35] round=1 pass=56 fail=0 crash=0 total=56 fixed=56 fuzz=0
[2026-03-27 09:31:42] round=1 pass=56 fail=0 crash=0 total=56 fixed=56 fuzz=0
[2026-03-27 09:31:58] round=1 pass=61 fail=0 crash=0 total=61 fixed=61 fuzz=0
[2026-03-27 09:37:10] round=1 pass=61 fail=0 crash=0 total=61 fixed=61 fuzz=0
[2026-03-27 09:37:32] round=1 pass=63 fail=0 crash=0 total=63 fixed=63 fuzz=0
[2026-03-27 09:47:04] round=1 pass=63 fail=0 crash=0 total=63 fixed=63 fuzz=0
[2026-03-27 09:47:30] round=1 pass=113 fail=0 crash=0 total=113 fixed=63 fuzz=50
[2026-03-27 09:50:43] round=1 pass=93 fail=0 crash=0 total=93 fixed=63 fuzz=30
[2026-03-27 09:54:10] round=1 pass=63 fail=0 crash=0 total=63 fixed=63 fuzz=0
[2026-03-27 09:54:36] round=1 pass=67 fail=0 crash=0 total=67 fixed=67 fuzz=0
[2026-03-27 09:57:39] round=1 pass=67 fail=0 crash=0 total=67 fixed=67 fuzz=0
[2026-03-27 09:59:26] round=1 pass=67 fail=0 crash=0 total=67 fixed=67 fuzz=0
[2026-03-27 10:03:28] round=1 pass=67 fail=0 crash=0 total=67 fixed=67 fuzz=0
[2026-03-27 10:22:01] round=1 pass=67 fail=0 crash=0 total=67 fixed=67 fuzz=0
[2026-03-27 10:37:08] round=1 pass=67 fail=0 crash=0 total=67 fixed=67 fuzz=0
[2026-03-27 10:49:16] round=1 pass=67 fail=0 crash=0 total=67 fixed=67 fuzz=0
[2026-03-27 11:18:31] round=1 pass=67 fail=0 crash=0 total=67 fixed=67 fuzz=0
[2026-03-27 11:41:55] round=1 pass=67 fail=0 crash=0 total=67 fixed=67 fuzz=0
[2026-03-27 11:43:29] round=1 pass=67 fail=0 crash=0 total=67 fixed=67 fuzz=0
[2026-03-27 11:44:49] round=1 pass=67 fail=0 crash=0 total=67 fixed=67 fuzz=0
[2026-03-27 11:53:43] round=1 pass=67 fail=0 crash=0 total=67 fixed=67 fuzz=0
[2026-03-27 12:54:17] round=1 pass=67 fail=0 crash=0 total=67 fixed=67 fuzz=0
[2026-03-27 13:08:13] round=1 pass=67 fail=0 crash=0 total=67 fixed=67 fuzz=0
[2026-03-28 07:21:21] round=1 pass=84 fail=3 crash=0 total=87 fixed=67 fuzz=20

[2026-03-28 07:21:21] FAIL tro:count | got '' want '10000' | code: fn c(n,a){if n==0{return a;};return c(n-1,a+1);}; emit c(10000,0);
[2026-03-28 07:21:21] FAIL tro:sum | got '' want '50005000' | code: fn s(n,a){if n==0{return a;};return s(n-1,a+n);}; emit s(10000,0);
[2026-03-28 07:21:21] FAIL tro:fact | got '' want '3628800' | code: fn f(n,a){if n<2{return a;};return f(n-1,n*a);}; emit f(10,1);
