[2026-03-27 09:46:08] FAIL fixed:fib10 | got '9' want '55' | fn fib(n){if n<2{return n;};return fib(n-1)+fib(n-2);}; emit fib(10);
[2026-03-27 09:46:08] FAIL fixed:nl_fib | got '-80' want '55' | fib 10
[2026-03-27 09:46:08] FAIL fn:fib(18) | got '474' want '2584' | fn fib(n){if n<2{return n;};return fib(n-1)+fib(n-2);}; emit fib(18);
[2026-03-27 12:29:22] FAIL fixed:sha_abc | got '⦿ bye' want 'ba7816bf' | emit __substr(__sha256("abc"),0,8);
[2026-03-27 12:29:22] FAIL fixed:sha_test | got '⦿ bye' want '9f86d081' | emit __substr(__sha256("test"),0,8);
[2026-03-27 12:29:22] FAIL fixed:char_sha | got '⦿ bye' want 'b' | emit char_at(__sha256("abc"),0);
[2026-03-27 12:29:22] FAIL fixed:tostr_sub | got '⦿ bye' want '123' | emit __substr(__to_string(12345),0,3);
[2026-03-27 12:29:22] FAIL fixed:len_sha | got '⦿ bye' want '64' | emit len(__sha256("x"));
[2026-03-27 12:29:22] FAIL fixed:tostr2 | got '⦿ bye' want '99' | emit __to_string(__to_string(99));
[2026-03-27 12:29:22] FAIL fixed:concat_len | got '⦿ bye' want '4' | emit len("ab"+"cd");
[2026-03-27 12:29:22] FAIL fixed:interp_add | got '⦿ bye' want '5' | emit $"{2+3}";
[2026-03-27 12:29:22] FAIL fixed:interp_mul | got '⦿ bye' want '42' | emit $"{7*6}";
[2026-03-27 12:29:22] FAIL fixed:interp_sub | got '⦿ bye' want '63' | emit $"{100-37}";
[2026-03-27 12:29:22] FAIL fixed:prec | got '⦿ bye' want '14' | emit 2+3*4;
[2026-03-27 12:29:22] FAIL fixed:paren | got '⦿ bye' want '20' | emit (2+3)*4;
[2026-03-27 12:29:22] FAIL fixed:mod | got '⦿ bye' want '2' | emit 17%5;
[2026-03-27 12:29:22] FAIL fixed:cmp | got '⦿ bye' want '1' | emit 3>2;
[2026-03-27 12:29:22] FAIL fixed:fn_basic | got '⦿ bye' want '42' | fn f(x){return x*2;}; emit f(21);
[2026-03-27 12:29:22] FAIL fixed:fib10 | got '⦿ bye' want '55' | fn fib(n){if n<2{return n;};return fib(n-1)+fib(n-2);}; emit fib(10);
[2026-03-27 12:29:22] FAIL fixed:sort | got '⦿ bye' want '[1, 2, 3, 4, 5]' | emit sort([5,3,1,4,2]);
[2026-03-27 12:29:22] FAIL fixed:arr_idx | got '⦿ bye' want '20' | emit [10,20,30][1];
[2026-03-27 12:29:22] FAIL fixed:str_len | got '⦿ bye' want '5' | emit len("hello");
[2026-03-27 12:29:22] FAIL fixed:str_sub | got '⦿ bye' want 'cd' | emit __substr("abcdef",2,4);
[2026-03-27 12:29:22] FAIL fixed:sha_empty_len | got '⦿ bye' want '64' | emit len(__sha256(""));
[2026-03-27 12:29:22] FAIL fixed:sha_empty | got '⦿ bye' want 'e3b0c442' | emit __substr(__sha256(""),0,8);
[2026-03-27 12:29:22] FAIL fixed:map | got '⦿ bye' want '[10, 20, 30]' | emit map([1,2,3],fn(x){return x*10;});
[2026-03-27 12:29:22] FAIL fixed:filter | got '⦿ bye' want '[4, 5]' | emit filter([1,2,3,4,5],fn(x){return x>3;});
[2026-03-27 12:29:22] FAIL fixed:reduce | got '⦿ bye' want '10' | emit reduce([1,2,3,4],fn(a,b){return a+b;});
[2026-03-27 12:29:22] FAIL fixed:json_arr | got '⦿ bye' want '[1, 2, 3]' | emit json_parse("[1,2,3]");
[2026-03-27 12:29:22] FAIL fixed:json_num | got '⦿ bye' want '42' | emit json_parse("42");
[2026-03-27 12:29:22] FAIL fixed:nl_fib | got '⦿ bye' want '55' | fib 10
[2026-03-27 12:29:22] FAIL fixed:nl_sort | got '⦿ bye' want '[1, 2, 3]' | sort [3,1,2]
[2026-03-27 12:29:22] FAIL arr:[15,47,72][2] | got '⦿ bye' want '72' | emit [15,47,72][2];
[2026-03-27 12:29:22] FAIL sort:[0,14,9] | got '⦿ bye' want '[0, 9, 14]' | emit sort([0,14,9]);
[2026-03-27 12:29:22] FAIL len:a+jve | got '⦿ bye' want '4' | emit len("a"+"jve");
[2026-03-27 12:29:22] FAIL arr:[52,24,95][2] | got '⦿ bye' want '95' | emit [52,24,95][2];
[2026-03-27 12:29:22] FAIL len:qo+ijg | got '⦿ bye' want '5' | emit len("qo"+"ijg");
[2026-03-27 12:29:23] FAIL fn:fib(11) | got '⦿ bye' want '89' | fn fib(n){if n<2{return n;};return fib(n-1)+fib(n-2);}; emit fib(11);
[2026-03-27 12:29:23] FAIL arr:[44,15,15][2] | got '⦿ bye' want '15' | emit [44,15,15][2];
[2026-03-27 12:29:23] FAIL arr:[38,72,72][0] | got '⦿ bye' want '38' | emit [38,72,72][0];
[2026-03-27 12:30:23] FAIL fixed:sha_abc | got '⦿ bye' want 'ba7816bf' | emit __substr(__sha256("abc"),0,8);
[2026-03-27 12:30:23] FAIL fixed:sha_test | got '⦿ bye' want '9f86d081' | emit __substr(__sha256("test"),0,8);
[2026-03-27 12:30:23] FAIL fixed:char_sha | got '⦿ bye' want 'b' | emit char_at(__sha256("abc"),0);
[2026-03-27 12:30:23] FAIL fixed:tostr_sub | got '⦿ bye' want '123' | emit __substr(__to_string(12345),0,3);
[2026-03-27 12:30:23] FAIL fixed:len_sha | got '⦿ bye' want '64' | emit len(__sha256("x"));
[2026-03-27 12:30:23] FAIL fixed:tostr2 | got '⦿ bye' want '99' | emit __to_string(__to_string(99));
[2026-03-27 12:30:23] FAIL fixed:concat_len | got '⦿ bye' want '4' | emit len("ab"+"cd");
[2026-03-27 12:30:23] FAIL fixed:interp_add | got '⦿ bye' want '5' | emit $"{2+3}";
[2026-03-27 12:30:23] FAIL fixed:interp_mul | got '⦿ bye' want '42' | emit $"{7*6}";
[2026-03-27 12:30:23] FAIL fixed:interp_sub | got '⦿ bye' want '63' | emit $"{100-37}";
[2026-03-27 12:30:23] FAIL fixed:prec | got '⦿ bye' want '14' | emit 2+3*4;
[2026-03-27 12:30:23] FAIL fixed:paren | got '⦿ bye' want '20' | emit (2+3)*4;
[2026-03-27 12:30:23] FAIL fixed:mod | got '⦿ bye' want '2' | emit 17%5;
[2026-03-27 12:30:23] FAIL fixed:cmp | got '⦿ bye' want '1' | emit 3>2;
[2026-03-27 12:30:23] FAIL fixed:fn_basic | got '⦿ bye' want '42' | fn f(x){return x*2;}; emit f(21);
[2026-03-27 12:30:23] FAIL fixed:fib10 | got '⦿ bye' want '55' | fn fib(n){if n<2{return n;};return fib(n-1)+fib(n-2);}; emit fib(10);
[2026-03-27 12:30:23] FAIL fixed:sort | got '⦿ bye' want '[1, 2, 3, 4, 5]' | emit sort([5,3,1,4,2]);
[2026-03-27 12:30:23] FAIL fixed:arr_idx | got '⦿ bye' want '20' | emit [10,20,30][1];
[2026-03-27 12:30:23] FAIL fixed:str_len | got '⦿ bye' want '5' | emit len("hello");
[2026-03-27 12:30:23] FAIL fixed:str_sub | got '⦿ bye' want 'cd' | emit __substr("abcdef",2,4);
[2026-03-27 12:30:23] FAIL fixed:sha_empty_len | got '⦿ bye' want '64' | emit len(__sha256(""));
[2026-03-27 12:30:23] FAIL fixed:sha_empty | got '⦿ bye' want 'e3b0c442' | emit __substr(__sha256(""),0,8);
[2026-03-27 12:30:23] FAIL fixed:map | got '⦿ bye' want '[10, 20, 30]' | emit map([1,2,3],fn(x){return x*10;});
[2026-03-27 12:30:23] FAIL fixed:filter | got '⦿ bye' want '[4, 5]' | emit filter([1,2,3,4,5],fn(x){return x>3;});
[2026-03-27 12:30:23] FAIL fixed:reduce | got '⦿ bye' want '10' | emit reduce([1,2,3,4],fn(a,b){return a+b;});
[2026-03-27 12:30:23] FAIL fixed:json_arr | got '⦿ bye' want '[1, 2, 3]' | emit json_parse("[1,2,3]");
[2026-03-27 12:30:23] FAIL fixed:json_num | got '⦿ bye' want '42' | emit json_parse("42");
[2026-03-27 12:30:23] FAIL fixed:nl_fib | got '⦿ bye' want '55' | fib 10
[2026-03-27 12:30:23] FAIL fixed:nl_sort | got '⦿ bye' want '[1, 2, 3]' | sort [3,1,2]
[2026-03-27 12:30:23] FAIL sort:[3,11,15] | got '⦿ bye' want '[3, 11, 15]' | emit sort([3,11,15]);
[2026-03-27 12:30:23] FAIL fn:fib(5) | got '⦿ bye' want '5' | fn fib(n){if n<2{return n;};return fib(n-1)+fib(n-2);}; emit fib(5);
[2026-03-27 12:30:24] FAIL len:gfwcc+be | got '⦿ bye' want '7' | emit len("gfwcc"+"be");
[2026-03-27 12:30:24] FAIL len:h+h | got '⦿ bye' want '2' | emit len("h"+"h");
[2026-03-27 12:30:24] FAIL fn:fib(10) | got '⦿ bye' want '55' | fn fib(n){if n<2{return n;};return fib(n-1)+fib(n-2);}; emit fib(10);
[2026-03-27 12:30:24] FAIL fn:fib(19) | got '⦿ bye' want '4181' | fn fib(n){if n<2{return n;};return fib(n-1)+fib(n-2);}; emit fib(19);
[2026-03-27 12:30:24] FAIL len:i+jwqs | got '⦿ bye' want '5' | emit len("i"+"jwqs");
[2026-03-27 12:30:24] FAIL sort:[11,9,5] | got '⦿ bye' want '[5, 9, 11]' | emit sort([11,9,5]);
[2026-03-27 12:30:24] FAIL arr:[47,96,24][1] | got '⦿ bye' want '96' | emit [47,96,24][1];
[2026-03-27 12:30:24] FAIL fn:fib(9) | got '⦿ bye' want '34' | fn fib(n){if n<2{return n;};return fib(n-1)+fib(n-2);}; emit fib(9);
